// Jest Snapshot v1, https://goo.gl/fbAQLP

exports[`<Breadcrumb /> renders 1`] = `
<nav
  className="row blue"
>
  <div
    className="nav-wrapper"
  >
    <Col
      s={6}
    >
      <a
        className="breadcrumb"
        href="#"
        key=".0"
      >
        Home
      </a>
      <a
        className="breadcrumb"
        href="#"
        key=".1"
      >
        Login
      </a>
    </Col>
  </div>
</nav>
`;
