// Jest Snapshot v1, https://goo.gl/fbAQLP

exports[`<CardPanel /> renders 1`] = `
<div
  className="card-panel blue-grey"
>
  I am a very simple card
</div>
`;
