// Jest Snapshot v1, https://goo.gl/fbAQLP

exports[`<CollectionItem /> renders 1`] = `
<li
  className="collection-item"
>
  Alvin
</li>
`;
