// Jest Snapshot v1, https://goo.gl/fbAQLP

exports[`<Collection /> renders 1`] = `
<ul
  className="collection with-header"
>
  <li
    className="collection-header"
  >
    <h4>
      names
    </h4>
  </li>
  <CollectionItem>
    Alvin
  </CollectionItem>
</ul>
`;
