// Jest Snapshot v1, https://goo.gl/fbAQLP

exports[`<Dropdown /> renders 1`] = `
<span>
  <button
    className="dropdown-trigger"
    data-target="dropdown_0"
  >
    Drop me!
  </button>
  <ul
    className="dropdown-content"
    id="dropdown_0"
  />
</span>
`;
