// Jest Snapshot v1, https://goo.gl/fbAQLP

exports[`<MenuItem /> render 1`] = `
<a
  className="breadcrumb more"
  href="/"
/>
`;
