// Jest Snapshot v1, https://goo.gl/fbAQLP

exports[`<Slider /> should render a Slider 1`] = `
<div
  className="slider"
>
  <ul
    className="slides"
  />
</div>
`;
