// Jest Snapshot v1, https://goo.gl/fbAQLP

exports[`<Slide /> renders 1`] = `
<li>
  <img
    src="#"
  />
</li>
`;
