// Jest Snapshot v1, https://goo.gl/fbAQLP

exports[`Tabs renders 1`] = `
<Chip
  close={true}
>
  hey
</Chip>
`;
