// Jest Snapshot v1, https://goo.gl/fbAQLP

exports[`<UserView /> renders 1`] = `
<div
  className="user-view"
/>
`;
